// Jest Snapshot v1, https://goo.gl/fbAQLP

exports['<Main /> should render the heading 1'] = `
.c0 {
  display: -webkit-box;
  display: -webkit-flex;
  display: -ms-flexbox;
  display: flex;
  -webkit-align-items: center;
  -webkit-box-align: center;
  -ms-flex-align: center;
  align-items: center;
  -webkit-box-pack: center;
  -webkit-justify-content: center;
  -ms-flex-pack: center;
  justify-content: center;
  -webkit-flex-direction: column;
  -ms-flex-direction: column;
  flex-direction: column;
  text-align: center;
  color: #FFF;
  height: 100%;
  width: 100%;
  background-color: #191919;
}

.c1 {
  width: 25rem;
  margin-bottom: 2rem;
}

.c2 {
  font-size: 2.5rem;
  font-weight: 700;
  margin-bottom: 1rem;
}

.c3 {
  font-size: 2rem;
  font-weight: 400;
}

.c4 {
  margin-top: 3rem;
  width: min(30rem,100%);
}

<main
  class="c0"
>
  <img
    alt="Imagem de um átomo e React avançado do lado"
    class="c1"
    src="/images/logo.svg"
    title="React Avançado"
  />
  <h1
    class="c2"
  >
    React Avançado
  </h1>
  <h2
    class="c3"
  >
    Typescript, ReactJS, NextJS, Styled Components,
    <br />
    Jest, Testing Library React, Storybook, Husky
  </h2>
  <img
    alt="Um desenvolvedor de frente para a tela com código"
    class="c4"
    src="/images/hero-illustration.svg"
  />
</main>
`
